2 average_temp float fftval 364130.687500 string foi "foi1"
7 Shutdown int Result 0 
