2 collision_with_moving_object float t 14770104172544.000000 float loc_y 9.680300 float loc_x 0.312200 string type "L" int obj_id 1 float loc_y 9.680300
2 collision_with_moving_object float t 14770104172544.000000 float loc_y 9.780300 float loc_x 0.312200 string type "L" int obj_id 1 float loc_y 9.780300
2 collision_with_moving_object float t 14770104172544.000000 float loc_y 9.880300 float loc_x 0.312200 string type "L" int obj_id 1 float loc_y 9.880300
2 collision_with_moving_object float t 14770104172544.000000 float loc_y 9.980300 float loc_x 0.312200 string type "L" int obj_id 1 float loc_y 9.980300
2 collision_with_moving_object float t 14770104172544.000000 float loc_y 10.080300 float loc_x 0.312200 string type "L" int obj_id 1 float loc_y 10.080300
2 collision_with_moving_object float t 14770104172544.000000 float loc_y 10.180300 float loc_x 0.312200 string type "L" int obj_id 1 float loc_y 10.180300
2 collision_with_moving_object float t 14770104172544.000000 float loc_y 10.280300 float loc_x 0.312200 string type "L" int obj_id 1 float loc_y 10.280300
2 collision_with_moving_object float t 14770104172544.000000 float loc_y 10.380300 float loc_x 0.312200 string type "L" int obj_id 1 float loc_y 10.380300
2 collision_with_moving_object float t 14770104172544.000000 float loc_y 10.480300 float loc_x 0.312200 string type "L" int obj_id 1 float loc_y 10.480300
2 collision_with_moving_object float t 14770104172544.000000 float loc_y 10.580300 float loc_x 0.312200 string type "L" int obj_id 1 float loc_y 10.580300
2 collision_with_moving_object float t 14770104172544.000000 float loc_y 10.680300 float loc_x 0.312200 string type "L" int obj_id 1 float loc_y 10.680300
2 collision_with_moving_object float t 14770104172544.000000 float loc_y 10.780300 float loc_x 0.312200 string type "L" int obj_id 1 float loc_y 10.780300
2 collision_with_moving_object float t 14770104172544.000000 float loc_y 10.880300 float loc_x 0.312200 string type "L" int obj_id 1 float loc_y 10.880300
2 collision_with_moving_object float t 14770104172544.000000 float loc_y 10.980300 float loc_x 0.312200 string type "L" int obj_id 1 float loc_y 10.980300
2 collision_with_moving_object float t 14770104172544.000000 float loc_y 11.080300 float loc_x 0.312200 string type "L" int obj_id 1 float loc_y 11.080300
2 collision_with_moving_object float t 14770104172544.000000 float loc_y 11.180300 float loc_x 0.312200 string type "L" int obj_id 1 float loc_y 11.180300
2 collision_with_moving_object float t 14770104172544.000000 float loc_y 11.280300 float loc_x 0.312200 string type "L" int obj_id 1 float loc_y 11.280300
2 collision_with_moving_object float t 14770104172544.000000 float loc_y 11.380300 float loc_x 0.312200 string type "L" int obj_id 1 float loc_y 11.380300
2 collision_with_moving_object float t 14770104172544.000000 float loc_y 11.480300 float loc_x 0.312200 string type "L" int obj_id 1 float loc_y 11.480300
2 collision_with_moving_object float t 14770104172544.000000 float loc_y 11.580300 float loc_x 0.312200 string type "L" int obj_id 1 float loc_y 11.580300
2 collision_with_moving_object float t 14770104172544.000000 float loc_y 11.680300 float loc_x 0.312200 string type "L" int obj_id 1 float loc_y 11.680300
2 collision_with_moving_object float t 14770104172544.000000 float loc_y 11.780300 float loc_x 0.312200 string type "L" int obj_id 1 float loc_y 11.780300
2 collision_with_moving_object float t 14770104172544.000000 float loc_y 11.880300 float loc_x 0.312200 string type "L" int obj_id 1 float loc_y 11.880300
2 collision_with_moving_object float t 14770104172544.000000 float loc_y 11.980300 float loc_x 0.312200 string type "L" int obj_id 1 float loc_y 11.980300
2 collision_with_moving_object float t 14770104172544.000000 float loc_y 12.080300 float loc_x 0.312200 string type "L" int obj_id 1 float loc_y 12.080300
2 collision_with_moving_object float t 14770104172544.000000 float loc_y 12.180300 float loc_x 0.312200 string type "L" int obj_id 1 float loc_y 12.180300
2 collision_with_moving_object float t 14770104172544.000000 float loc_y 12.280300 float loc_x 0.312200 string type "L" int obj_id 1 float loc_y 12.280300
2 collision_with_moving_object float t 14770104172544.000000 float loc_y 12.380300 float loc_x 0.312200 string type "L" int obj_id 1 float loc_y 12.380300
2 collision_with_moving_object float t 14770104172544.000000 float loc_y 12.480300 float loc_x 0.312200 string type "L" int obj_id 1 float loc_y 12.480300
2 collision_with_moving_object float t 14770104172544.000000 float loc_y 12.580300 float loc_x 0.312200 string type "L" int obj_id 1 float loc_y 12.580300
2 collision_with_moving_object float t 14770104172544.000000 float loc_y 12.680300 float loc_x 0.312200 string type "L" int obj_id 1 float loc_y 12.680300
2 collision_with_moving_object float t 14770104172544.000000 float loc_y 12.780300 float loc_x 0.312200 string type "L" int obj_id 1 float loc_y 12.780300
2 collision_with_moving_object float t 14770104172544.000000 float loc_y 12.880300 float loc_x 0.312200 string type "L" int obj_id 1 float loc_y 12.880300
2 collision_with_moving_object float t 14770104172544.000000 float loc_y 12.980300 float loc_x 0.312200 string type "L" int obj_id 1 float loc_y 12.980300
2 collision_with_moving_object float t 14770104172544.000000 float loc_y 13.080300 float loc_x 0.312200 string type "L" int obj_id 1 float loc_y 13.080300
2 collision_with_moving_object float t 14770104172544.000000 float loc_y 13.180300 float loc_x 0.312200 string type "L" int obj_id 1 float loc_y 13.180300
2 collision_with_moving_object float t 14770104172544.000000 float loc_y 13.280300 float loc_x 0.312200 string type "L" int obj_id 1 float loc_y 13.280300
2 collision_with_moving_object float t 14770104172544.000000 float loc_y 13.380300 float loc_x 0.312200 string type "L" int obj_id 1 float loc_y 13.380300
2 collision_with_moving_object float t 14770104172544.000000 float loc_y 13.480300 float loc_x 0.312200 string type "L" int obj_id 1 float loc_y 13.480300
2 collision_with_moving_object float t 14770104172544.000000 float loc_y 13.580300 float loc_x 0.312200 string type "L" int obj_id 1 float loc_y 13.580300
2 collision_with_moving_object float t 14770104172544.000000 float loc_y 13.680300 float loc_x 0.312200 string type "L" int obj_id 1 float loc_y 13.680300
2 collision_with_moving_object float t 14770104172544.000000 float loc_y 13.780300 float loc_x 0.312200 string type "L" int obj_id 1 float loc_y 13.780300
2 collision_with_moving_object float t 14770104172544.000000 float loc_y 13.880300 float loc_x 0.312200 string type "L" int obj_id 1 float loc_y 13.880300
2 collision_with_moving_object float t 14770104172544.000000 float loc_y 13.980300 float loc_x 0.312200 string type "L" int obj_id 1 float loc_y 13.980300
2 collision_with_moving_object float t 14770104172544.000000 float loc_y 14.080300 float loc_x 0.312200 string type "L" int obj_id 1 float loc_y 14.080300
2 collision_with_moving_object float t 14770104172544.000000 float loc_y 14.180300 float loc_x 0.312200 string type "L" int obj_id 1 float loc_y 14.180300
2 collision_with_moving_object float t 14770104172544.000000 float loc_y 14.280300 float loc_x 0.312200 string type "L" int obj_id 1 float loc_y 14.280300
2 collision_with_moving_object float t 14770104172544.000000 float loc_y 14.380300 float loc_x 0.312200 string type "L" int obj_id 1 float loc_y 14.380300
2 collision_with_moving_object float t 14770104172544.000000 float loc_y 14.480300 float loc_x 0.312200 string type "L" int obj_id 1 float loc_y 14.480300
2 collision_with_moving_object float t 14770104172544.000000 float loc_y 14.580300 float loc_x 0.312200 string type "L" int obj_id 1 float loc_y 14.580300
2 collision_with_moving_object float t 14770104172544.000000 float loc_y 14.680300 float loc_x 0.312200 string type "L" int obj_id 1 float loc_y 14.680300
2 collision_with_moving_object float t 14770104172544.000000 float loc_y 14.780300 float loc_x 0.312200 string type "L" int obj_id 1 float loc_y 14.780300
2 collision_with_moving_object float t 14770104172544.000000 float loc_y 14.880300 float loc_x 0.312200 string type "L" int obj_id 1 float loc_y 14.880300
2 collision_with_moving_object float t 14770104172544.000000 float loc_y 14.980300 float loc_x 0.312200 string type "L" int obj_id 1 float loc_y 14.980300
2 collision_with_moving_object float t 14770104172544.000000 float loc_y 15.080300 float loc_x 0.312200 string type "L" int obj_id 1 float loc_y 15.080300
2 collision_with_moving_object float t 14770104172544.000000 float loc_y 15.180300 float loc_x 0.312200 string type "L" int obj_id 1 float loc_y 15.180300
2 collision_with_moving_object float t 14770104172544.000000 float loc_y 15.280300 float loc_x 0.312200 string type "L" int obj_id 1 float loc_y 15.280300
2 collision_with_moving_object float t 14770104172544.000000 float loc_y 15.380300 float loc_x 0.312200 string type "L" int obj_id 1 float loc_y 15.380300
2 collision_with_moving_object float t 14770104172544.000000 float loc_y 15.480300 float loc_x 0.312200 string type "L" int obj_id 1 float loc_y 15.480300
2 collision_with_moving_object float t 14770104172544.000000 float loc_y 15.580300 float loc_x 0.312200 string type "L" int obj_id 1 float loc_y 15.580300
2 collision_with_moving_object float t 14770104172544.000000 float loc_y 15.680300 float loc_x 0.312200 string type "L" int obj_id 1 float loc_y 15.680300
2 collision_with_moving_object float t 14770104172544.000000 float loc_y 15.780300 float loc_x 0.312200 string type "L" int obj_id 1 float loc_y 15.780300
2 collision_with_moving_object float t 14770104172544.000000 float loc_y 15.880300 float loc_x 0.312200 string type "L" int obj_id 1 float loc_y 15.880300
2 collision_with_moving_object float t 14770104172544.000000 float loc_y 15.980300 float loc_x 0.312200 string type "L" int obj_id 1 float loc_y 15.980300
2 collision_with_moving_object float t 14770104172544.000000 float loc_y 16.080299 float loc_x 0.312200 string type "L" int obj_id 1 float loc_y 16.080299
2 collision_with_moving_object float t 14770104172544.000000 float loc_y 16.180300 float loc_x 0.312200 string type "L" int obj_id 1 float loc_y 16.180300
2 collision_with_moving_object float t 14770104172544.000000 float loc_y 16.280300 float loc_x 0.312200 string type "L" int obj_id 1 float loc_y 16.280300
2 collision_with_moving_object float t 14770104172544.000000 float loc_y 16.380301 float loc_x 0.312200 string type "L" int obj_id 1 float loc_y 16.380301
2 collision_with_moving_object float t 14770104172544.000000 float loc_y 16.480301 float loc_x 0.312200 string type "L" int obj_id 1 float loc_y 16.480301
2 collision_with_moving_object float t 14770104172544.000000 float loc_y 16.580299 float loc_x 0.312200 string type "L" int obj_id 1 float loc_y 16.580299
2 collision_with_moving_object float t 14770104172544.000000 float loc_y 16.680300 float loc_x 0.312200 string type "L" int obj_id 1 float loc_y 16.680300
2 collision_with_moving_object float t 14770104172544.000000 float loc_y 16.780300 float loc_x 0.312200 string type "L" int obj_id 1 float loc_y 16.780300
2 collision_with_moving_object float t 14770104172544.000000 float loc_y 16.880301 float loc_x 0.312200 string type "L" int obj_id 1 float loc_y 16.880301
2 collision_with_moving_object float t 14770104172544.000000 float loc_y 16.980301 float loc_x 0.312200 string type "L" int obj_id 1 float loc_y 16.980301
2 collision_with_moving_object float t 14770104172544.000000 float loc_y 17.080299 float loc_x 0.312200 string type "L" int obj_id 1 float loc_y 17.080299
2 collision_with_moving_object float t 14770104172544.000000 float loc_y 17.180300 float loc_x 0.312200 string type "L" int obj_id 1 float loc_y 17.180300
2 collision_with_moving_object float t 14770104172544.000000 float loc_y 17.280300 float loc_x 0.312200 string type "L" int obj_id 1 float loc_y 17.280300
2 collision_with_moving_object float t 14770104172544.000000 float loc_y 17.380301 float loc_x 0.312200 string type "L" int obj_id 1 float loc_y 17.380301
2 collision_with_moving_object float t 14770104172544.000000 float loc_y 17.480301 float loc_x 0.312200 string type "L" int obj_id 1 float loc_y 17.480301
2 collision_with_moving_object float t 14770104172544.000000 float loc_y 17.580299 float loc_x 0.312200 string type "L" int obj_id 1 float loc_y 17.580299
7 Shutdown int Result 0 
