2 collision_with_moving_object float t 14770104172544.000000 float loc_y 9.880300 float loc_x 0.312200 string type "L" int obj_id 1 float loc_y 9.880300
2 collision_with_moving_object float t 14770104172544.000000 float loc_y 9.980300 float loc_x 0.312200 string type "L" int obj_id 1 float loc_y 9.980300
2 collision_with_moving_object float t 14770104172544.000000 float loc_y 10.080300 float loc_x 0.312200 string type "L" int obj_id 1 float loc_y 10.080300
7 Shutdown int Result 0 
